// Jest Snapshot v1, https://goo.gl/fbAQLP

exports[`cli ebs, s3, ec3, elasticache, rds ebs, s3, ec2, elasticache, rds grouped by service 1`] = `
"| Service      | kilowatt hours    | metric tons CO2e Emissions| Cost              
| EBS          | 6.08              | 0.002826               | $9.23             
| S3           | 0.08              | 0.000039               | $12.00            
| EC2          | 39.48             | 0.018349               | $74.00            
| ElastiCache  | 24.06             | 0.011181               | $12.00            
| RDS          | 464.46            | 0.215880               | $18.47            
| ComputeEngine| 5.78              | 0.002892               | $0.00             
| Total        | 539.94            | 0.251167               | $125.70           "
`;

exports[`cli ebs, s3, ec3, elasticache, rds ebs, s3, ec2, elasticache, rds, grouped by day 1`] = `
"| Date         | kilowatt hours    | metric tons CO2e Emissions
| 2020-07-01   | 60.56             | 0.028353               
| 2020-07-02   | 479.37            | 0.222815               
| Total        | 539.94            | 0.251167               "
`;

exports[`cli ebs, s3, ec3, elasticache, rds ebs, s3, ec2, elasticache, rds, grouped by day and service 1`] = `
"| Date (UTC)   | EBS kilowatt hours| EBS metric tons CO2e Emissions| S3 kilowatt hours | S3 metric tons CO2e Emissions| EC2 kilowatt hours| EC2 metric tons CO2e Emissions| ElastiCache kilowatt hours| ElastiCache metric tons CO2e Emissions| RDS kilowatt hours| RDS metric tons CO2e Emissions| ComputeEngine kilowatt hours| ComputeEngine metric tons CO2e Emissions| SUM kilowatt hours| SUM metric tons CO2e Emissions
| 2020-07-01   | 1.01              | 0.000461               | 0.04              | 0.000019               | 19.74             | 0.008971               | 2.56              | 0.001164               | 4.03              | 0.001833               | 0.00              | 0.000000               | 27.39             | 0.012448               
| 2020-07-01   | 1.01              | 0.000481               | 0.04              | 0.000020               | 19.74             | 0.009378               | 2.56              | 0.001217               | 4.03              | 0.001916               | 0.00              | 0.000000               | 27.39             | 0.013012               
| 2020-07-01   | 0.00              | 0.000000               | 0.00              | 0.000000               | 0.00              | 0.000000               | 0.00              | 0.000000               | 0.00              | 0.000000               | 5.78              | 0.002892               | 5.78              | 0.002892               
| 2020-07-02   | 2.03              | 0.000921               | 0.00              | 0.000000               | 0.00              | 0.000000               | 9.47              | 0.004302               | 228.19            | 0.103715               | 0.00              | 0.000000               | 239.69            | 0.108938               
| 2020-07-02   | 2.03              | 0.000963               | 0.00              | 0.000000               | 0.00              | 0.000000               | 9.47              | 0.004497               | 228.19            | 0.108417               | 0.00              | 0.000000               | 239.69            | 0.113877               
| Total        | 6.08              | 0.002826               | 0.08              | 0.000039               | 39.48             | 0.018349               | 24.06             | 0.011181               | 464.46            | 0.215880               | 5.78              | 0.002892               | 539.94            | 0.251167               "
`;

exports[`cli lambda lambda cost 1`] = `
"| Service      | kilowatt hours    | metric tons CO2e Emissions| Cost              
| Lambda       | 0.98              | 0.000454               | $240.00           
| Total        | 0.98              | 0.000454               | $240.00           "
`;

exports[`cli lambda lambda estimates 1`] = `
"| Date (UTC)   | Lambda kilowatt hours| Lambda metric tons CO2e Emissions| SUM kilowatt hours| SUM metric tons CO2e Emissions
| 2020-07-01   | 0.23              | 0.000103               | 0.23              | 0.000103               
| 2020-07-01   | 0.23              | 0.000108               | 0.23              | 0.000108               
| 2020-07-02   | 0.26              | 0.000119               | 0.26              | 0.000119               
| 2020-07-02   | 0.26              | 0.000124               | 0.26              | 0.000124               
| Total        | 0.98              | 0.000454               | 0.98              | 0.000454               "
`;
